Using pre-set license
Built from '2022.3/staging' branch; Version is '2022.3.28f1 (6bae5ce6b222) revision 7056988'; Using compiler version '192829333'; Build Type 'Release'
OS: 'Windows 10  (10.0.19045) 64bit Professional' Language: 'en' Physical Memory: 16085 MB
BatchMode: 1, IsHumanControllingUs: 0, StartBugReporterOnCrash: 0, Is64bit: 1, IsPro: 1

COMMAND LINE ARGUMENTS:
C:\Program Files\Unity\Hub\Editor\2022.3.28f1\Editor\Unity.exe
-adb2
-batchMode
-noUpm
-name
AssetImportWorker2
-projectPath
C:/Unity/Casual-games/Casual games
-logFile
Logs/AssetImportWorker2.log
-srvPort
62617
Successfully changed project path to: C:/Unity/Casual-games/Casual games
C:/Unity/Casual-games/Casual games
[UnityMemory] Configuration Parameters - Can be set up in boot.config
    "memorysetup-bucket-allocator-granularity=16"
    "memorysetup-bucket-allocator-bucket-count=8"
    "memorysetup-bucket-allocator-block-size=33554432"
    "memorysetup-bucket-allocator-block-count=8"
    "memorysetup-main-allocator-block-size=16777216"
    "memorysetup-thread-allocator-block-size=16777216"
    "memorysetup-gfx-main-allocator-block-size=16777216"
    "memorysetup-gfx-thread-allocator-block-size=16777216"
    "memorysetup-cache-allocator-block-size=4194304"
    "memorysetup-typetree-allocator-block-size=2097152"
    "memorysetup-profiler-bucket-allocator-granularity=16"
    "memorysetup-profiler-bucket-allocator-bucket-count=8"
    "memorysetup-profiler-bucket-allocator-block-size=33554432"
    "memorysetup-profiler-bucket-allocator-block-count=8"
    "memorysetup-profiler-allocator-block-size=16777216"
    "memorysetup-profiler-editor-allocator-block-size=1048576"
    "memorysetup-temp-allocator-size-main=16777216"
    "memorysetup-job-temp-allocator-block-size=2097152"
    "memorysetup-job-temp-allocator-block-size-background=1048576"
    "memorysetup-job-temp-allocator-reduction-small-platforms=262144"
    "memorysetup-allocator-temp-initial-block-size-main=262144"
    "memorysetup-allocator-temp-initial-block-size-worker=262144"
    "memorysetup-temp-allocator-size-background-worker=32768"
    "memorysetup-temp-allocator-size-job-worker=262144"
    "memorysetup-temp-allocator-size-preload-manager=33554432"
    "memorysetup-temp-allocator-size-nav-mesh-worker=65536"
    "memorysetup-temp-allocator-size-audio-worker=65536"
    "memorysetup-temp-allocator-size-cloud-worker=32768"
    "memorysetup-temp-allocator-size-gi-baking-worker=262144"
    "memorysetup-temp-allocator-size-gfx=262144"
Player connection [20776] Host "[IP] 192.168.78.143 [Port] 0 [Flags] 2 [Guid] 4175415559 [EditorId] 4175415559 [Version] 1048832 [Id] WindowsEditor(7,MSI) [Debug] 1 [PackageName] WindowsEditor [ProjectName] Editor" joined multi-casting on [225.0.0.222:54997]...

Player connection [20776] Host "[IP] 192.168.78.143 [Port] 0 [Flags] 2 [Guid] 4175415559 [EditorId] 4175415559 [Version] 1048832 [Id] WindowsEditor(7,MSI) [Debug] 1 [PackageName] WindowsEditor [ProjectName] Editor" joined alternative multi-casting on [225.0.0.222:34997]...

[Physics::Module] Initialized MultithreadedJobDispatcher with 15 workers.
Refreshing native plugins compatible for Editor in 8.73 ms, found 3 plugins.
Preloading 0 native plugins for Editor in 0.00 ms.
Initialize engine version: 2022.3.28f1 (6bae5ce6b222)
[Subsystems] Discovering subsystems at path C:/Program Files/Unity/Hub/Editor/2022.3.28f1/Editor/Data/Resources/UnitySubsystems
[Subsystems] Discovering subsystems at path C:/Unity/Casual-games/Casual games/Assets
GfxDevice: creating device client; threaded=0; jobified=0
Direct3D:
    Version:  Direct3D 11.0 [level 11.1]
    Renderer: NVIDIA GeForce RTX 3070 Laptop GPU (ID=0x249d)
    Vendor:   NVIDIA
    VRAM:     8033 MB
    Driver:   31.0.15.3742
Initialize mono
Mono path[0] = 'C:/Program Files/Unity/Hub/Editor/2022.3.28f1/Editor/Data/Managed'
Mono path[1] = 'C:/Program Files/Unity/Hub/Editor/2022.3.28f1/Editor/Data/MonoBleedingEdge/lib/mono/unityjit-win32'
Mono config path = 'C:/Program Files/Unity/Hub/Editor/2022.3.28f1/Editor/Data/MonoBleedingEdge/etc'
Using monoOptions --debugger-agent=transport=dt_socket,embedding=1,server=y,suspend=n,address=127.0.0.1:56068
Begin MonoManager ReloadAssembly
Registering precompiled unity dll's ...
Register platform support module: C:/Program Files/Unity/Hub/Editor/2022.3.28f1/Editor/Data/PlaybackEngines/WebGLSupport/UnityEditor.WebGL.Extensions.dll
Register platform support module: C:/Program Files/Unity/Hub/Editor/2022.3.28f1/Editor/Data/PlaybackEngines/AndroidPlayer/UnityEditor.Android.Extensions.dll
Register platform support module: C:/Program Files/Unity/Hub/Editor/2022.3.28f1/Editor/Data/PlaybackEngines/WindowsStandaloneSupport/UnityEditor.WindowsStandalone.Extensions.dll
Registered in 0.012509 seconds.
- Loaded All Assemblies, in  0.351 seconds
Native extension for WindowsStandalone target not found
Native extension for Android target not found
Android Extension - Scanning For ADB Devices 215 ms
Native extension for WebGL target not found
Mono: successfully reloaded assembly
- Finished resetting the current domain, in  0.522 seconds
Domain Reload Profiling: 871ms
	BeginReloadAssembly (103ms)
		ExecutionOrderSort (0ms)
		DisableScriptedObjects (0ms)
		BackupInstance (0ms)
		ReleaseScriptingObjects (0ms)
		CreateAndSetChildDomain (1ms)
	RebuildCommonClasses (32ms)
	RebuildNativeTypeToScriptingClass (11ms)
	initialDomainReloadingComplete (63ms)
	LoadAllAssembliesAndSetupDomain (140ms)
		LoadAssemblies (101ms)
		RebuildTransferFunctionScriptingTraits (0ms)
		AnalyzeDomain (137ms)
			TypeCache.Refresh (136ms)
				TypeCache.ScanAssembly (122ms)
			ScanForSourceGeneratedMonoScriptInfo (0ms)
			ResolveRequiredComponents (0ms)
	FinalizeReload (522ms)
		ReleaseScriptCaches (0ms)
		RebuildScriptCaches (0ms)
		SetupLoadedEditorAssemblies (466ms)
			LogAssemblyErrors (0ms)
			InitializePlatformSupportModulesInManaged (314ms)
			SetLoadedEditorAssemblies (4ms)
			RefreshPlugins (0ms)
			BeforeProcessingInitializeOnLoad (2ms)
			ProcessInitializeOnLoadAttributes (102ms)
			ProcessInitializeOnLoadMethodAttributes (43ms)
			AfterProcessingInitializeOnLoad (0ms)
			EditorAssembliesLoaded (0ms)
		ExecutionOrderSort2 (0ms)
		AwakeInstancesAfterBackupRestoration (0ms)
========================================================================
Worker process is ready to serve import requests
Begin MonoManager ReloadAssembly
- Loaded All Assemblies, in  0.635 seconds
Refreshing native plugins compatible for Editor in 3.33 ms, found 3 plugins.
Native extension for WindowsStandalone target not found
Native extension for Android target not found
Native extension for WebGL target not found
Package Manager log level set to [2]
[Package Manager] Server::EnsureServerProcessIsRunning -- launch failed, reason: Unity was launched with the -noUpm command-line argument
[Package Manager] UpmClient::Send -- Unable to send message (not connected to UPM process).
[Package Manager] Cannot connect to Unity Package Manager local server
Mono: successfully reloaded assembly
- Finished resetting the current domain, in  0.494 seconds
Domain Reload Profiling: 1127ms
	BeginReloadAssembly (136ms)
		ExecutionOrderSort (0ms)
		DisableScriptedObjects (5ms)
		BackupInstance (0ms)
		ReleaseScriptingObjects (0ms)
		CreateAndSetChildDomain (19ms)
	RebuildCommonClasses (42ms)
	RebuildNativeTypeToScriptingClass (10ms)
	initialDomainReloadingComplete (37ms)
	LoadAllAssembliesAndSetupDomain (407ms)
		LoadAssemblies (295ms)
		RebuildTransferFunctionScriptingTraits (0ms)
		AnalyzeDomain (191ms)
			TypeCache.Refresh (169ms)
				TypeCache.ScanAssembly (151ms)
			ScanForSourceGeneratedMonoScriptInfo (15ms)
			ResolveRequiredComponents (5ms)
	FinalizeReload (495ms)
		ReleaseScriptCaches (0ms)
		RebuildScriptCaches (0ms)
		SetupLoadedEditorAssemblies (368ms)
			LogAssemblyErrors (0ms)
			InitializePlatformSupportModulesInManaged (26ms)
			SetLoadedEditorAssemblies (3ms)
			RefreshPlugins (0ms)
			BeforeProcessingInitializeOnLoad (53ms)
			ProcessInitializeOnLoadAttributes (261ms)
			ProcessInitializeOnLoadMethodAttributes (18ms)
			AfterProcessingInitializeOnLoad (7ms)
			EditorAssembliesLoaded (0ms)
		ExecutionOrderSort2 (0ms)
		AwakeInstancesAfterBackupRestoration (5ms)
Launched and connected shader compiler UnityShaderCompiler.exe after 0.03 seconds
Refreshing native plugins compatible for Editor in 3.26 ms, found 3 plugins.
Preloading 0 native plugins for Editor in 0.00 ms.
Unloading 3145 Unused Serialized files (Serialized files now loaded: 0)
Unloading 33 unused Assets / (57.8 KB). Loaded Objects now: 3609.
Memory consumption went from 131.8 MB to 131.7 MB.
Total: 3.035500 ms (FindLiveObjects: 0.283100 ms CreateObjectMapping: 0.093800 ms MarkObjects: 2.528900 ms  DeleteObjects: 0.128600 ms)

AssetImportParameters requested are different than current active one (requested -> active):
  custom:container-demuxer-ogg: 62fdf1f143b41e24485cea50d1cbac27 -> 
  custom:video-decoder-ogg-theora: a1e56fd34408186e4bbccfd4996cb3dc -> 
  custom:framework-win-MediaFoundation: 216162199b28c13a410421893ffa2e32 -> 
  custom:CustomObjectIndexerAttribute: 9a22284fe3817be447336de3de66b15e -> 
  custom:container-demuxer-webm: 4f35f7cbe854078d1ac9338744f61a02 -> 
  custom:container-muxer-webm: aa71ff27fc2769a1b78a27578f13a17b -> 
  custom:video-decoder-webm-vp8: 9c59270c3fd7afecdb556c50c9e8de78 -> 
  custom:SearchIndexIgnoredProperties: e643bd26f0fe6173181afceb89e7c659 -> 
  custom:AudioImporter_EditorPlatform: d09bf68614088b80899f8185d706f6e7 -> 
  custom:video-encoder-webm-vp8: eb34c28f22e8b96e1ab97ce403110664 -> 
  custom:audio-decoder-ogg-vorbis: bf7c407c2cedff20999df2af8eb42d56 -> 
  custom:audio-encoder-webm-vorbis: bf7c407c2cedff20999df2af8eb42d56 -> 
========================================================================
Received Import Request.
  Time since last request: 959234.003656 seconds.
  path: Assets/Shared assets/ThirdParties/Kenney_gameIcons/Black/1x/locked.png
  artifactKey: Guid(398844e9e4a89b84792d0179970230aa) Importer(815301076,1909f56bfc062723c751e8b465ee728b)
Start importing Assets/Shared assets/ThirdParties/Kenney_gameIcons/Black/1x/locked.png using Guid(398844e9e4a89b84792d0179970230aa) Importer(815301076,1909f56bfc062723c751e8b465ee728b)  -> (artifact id: 'f3474db87b49b5ee1a5096a09e83fe0b') in 0.076970 seconds
Number of updated asset objects reloaded before import = 0
Number of asset objects unloaded after import = 2
========================================================================
Received Import Request.
  Time since last request: 0.005334 seconds.
  path: Assets/Shared assets/ThirdParties/Kenney_gameIcons/Black/1x/musicOn.png
  artifactKey: Guid(abe5fc12c92fb6346bb6375e54b77d0d) Importer(815301076,1909f56bfc062723c751e8b465ee728b)
Start importing Assets/Shared assets/ThirdParties/Kenney_gameIcons/Black/1x/musicOn.png using Guid(abe5fc12c92fb6346bb6375e54b77d0d) Importer(815301076,1909f56bfc062723c751e8b465ee728b)  -> (artifact id: '89f5cbf0443ab874bf89ecc7bfe0cbd8') in 0.012466 seconds
Number of updated asset objects reloaded before import = 0
Number of asset objects unloaded after import = 2
========================================================================
Received Import Request.
  Time since last request: 0.317279 seconds.
  path: Assets/Shared assets/ThirdParties/Kenney_gameIcons/Black/1x/next.png
  artifactKey: Guid(5aa655bd01bbc934fb838451ed58e230) Importer(815301076,1909f56bfc062723c751e8b465ee728b)
Start importing Assets/Shared assets/ThirdParties/Kenney_gameIcons/Black/1x/next.png using Guid(5aa655bd01bbc934fb838451ed58e230) Importer(815301076,1909f56bfc062723c751e8b465ee728b)  -> (artifact id: 'a758f8001b4fc827c24ea224308b1828') in 0.014322 seconds
Number of updated asset objects reloaded before import = 0
Number of asset objects unloaded after import = 2
========================================================================
Received Import Request.
  Time since last request: 0.001781 seconds.
  path: Assets/Shared assets/ThirdParties/Kenney_gameIcons/Black/1x/pause.png
  artifactKey: Guid(f27a7c89d2c68234495ed6a227d36168) Importer(815301076,1909f56bfc062723c751e8b465ee728b)
Start importing Assets/Shared assets/ThirdParties/Kenney_gameIcons/Black/1x/pause.png using Guid(f27a7c89d2c68234495ed6a227d36168) Importer(815301076,1909f56bfc062723c751e8b465ee728b)  -> (artifact id: 'a57127252d1c8bf6ee94f9c17cceaa2b') in 0.013726 seconds
Number of updated asset objects reloaded before import = 0
Number of asset objects unloaded after import = 2
========================================================================
Received Import Request.
  Time since last request: 0.001200 seconds.
  path: Assets/Shared assets/ThirdParties/Kenney_gameIcons/Black/1x/plus.png
  artifactKey: Guid(8be450fe7ad34944e946cb097e56c32e) Importer(815301076,1909f56bfc062723c751e8b465ee728b)
Start importing Assets/Shared assets/ThirdParties/Kenney_gameIcons/Black/1x/plus.png using Guid(8be450fe7ad34944e946cb097e56c32e) Importer(815301076,1909f56bfc062723c751e8b465ee728b)  -> (artifact id: '5422cc73b4c1a6f36e0d59701c225556') in 0.011776 seconds
Number of updated asset objects reloaded before import = 0
Number of asset objects unloaded after import = 2
========================================================================
Received Import Request.
  Time since last request: 0.002960 seconds.
  path: Assets/Shared assets/ThirdParties/Kenney_gameIcons/Black/1x/previous.png
  artifactKey: Guid(6c16358705e0fce4f8b67fc194eb7ac0) Importer(815301076,1909f56bfc062723c751e8b465ee728b)
Start importing Assets/Shared assets/ThirdParties/Kenney_gameIcons/Black/1x/previous.png using Guid(6c16358705e0fce4f8b67fc194eb7ac0) Importer(815301076,1909f56bfc062723c751e8b465ee728b)  -> (artifact id: 'e1f9541098439effb731557f1bb25337') in 0.011899 seconds
Number of updated asset objects reloaded before import = 0
Number of asset objects unloaded after import = 2
========================================================================
Received Import Request.
  Time since last request: 0.001726 seconds.
  path: Assets/Shared assets/ThirdParties/Kenney_gameIcons/Black/1x/return.png
  artifactKey: Guid(2eba4a9f44188ff49bb9cf0220b3622f) Importer(815301076,1909f56bfc062723c751e8b465ee728b)
Start importing Assets/Shared assets/ThirdParties/Kenney_gameIcons/Black/1x/return.png using Guid(2eba4a9f44188ff49bb9cf0220b3622f) Importer(815301076,1909f56bfc062723c751e8b465ee728b)  -> (artifact id: 'b22d1b7e30fd07e7dadf00769dcae4df') in 0.023253 seconds
Number of updated asset objects reloaded before import = 0
Number of asset objects unloaded after import = 2
========================================================================
Received Import Request.
  Time since last request: 0.018425 seconds.
  path: Assets/Shared assets/ThirdParties/Kenney_gameIcons/Black/1x/scrollHorizontal.png
  artifactKey: Guid(789eccde9ed54b54bb5b186b5b5300f4) Importer(815301076,1909f56bfc062723c751e8b465ee728b)
Start importing Assets/Shared assets/ThirdParties/Kenney_gameIcons/Black/1x/scrollHorizontal.png using Guid(789eccde9ed54b54bb5b186b5b5300f4) Importer(815301076,1909f56bfc062723c751e8b465ee728b)  -> (artifact id: 'f081c6aa9b66203162a6ec93ca18a601') in 0.013380 seconds
Number of updated asset objects reloaded before import = 0
Number of asset objects unloaded after import = 2
========================================================================
Received Import Request.
  Time since last request: 0.003825 seconds.
  path: Assets/Shared assets/ThirdParties/Kenney_gameIcons/Black/1x/share1.png
  artifactKey: Guid(8674a81f853921549af7f8d49b968d0b) Importer(815301076,1909f56bfc062723c751e8b465ee728b)
Start importing Assets/Shared assets/ThirdParties/Kenney_gameIcons/Black/1x/share1.png using Guid(8674a81f853921549af7f8d49b968d0b) Importer(815301076,1909f56bfc062723c751e8b465ee728b)  -> (artifact id: '79be2d038ce04a33c0e2042e3b21d930') in 0.012027 seconds
Number of updated asset objects reloaded before import = 0
Number of asset objects unloaded after import = 2
========================================================================
Received Import Request.
  Time since last request: 0.003161 seconds.
  path: Assets/Shared assets/ThirdParties/Kenney_gameIcons/Black/1x/signal1.png
  artifactKey: Guid(d8b7b8b7b4aff4143a75a5a86fa4b3ff) Importer(815301076,1909f56bfc062723c751e8b465ee728b)
Start importing Assets/Shared assets/ThirdParties/Kenney_gameIcons/Black/1x/signal1.png using Guid(d8b7b8b7b4aff4143a75a5a86fa4b3ff) Importer(815301076,1909f56bfc062723c751e8b465ee728b)  -> (artifact id: '9298ac908dc1cd8faef0ecdd4e038525') in 0.013959 seconds
Number of updated asset objects reloaded before import = 0
Number of asset objects unloaded after import = 2
========================================================================
Received Import Request.
  Time since last request: 0.002669 seconds.
  path: Assets/Shared assets/ThirdParties/Kenney_gameIcons/Black/1x/signal3.png
  artifactKey: Guid(2969b840d85bd9e4db37dea454631d2a) Importer(815301076,1909f56bfc062723c751e8b465ee728b)
Start importing Assets/Shared assets/ThirdParties/Kenney_gameIcons/Black/1x/signal3.png using Guid(2969b840d85bd9e4db37dea454631d2a) Importer(815301076,1909f56bfc062723c751e8b465ee728b)  -> (artifact id: '018109f9e1e8d8aad1c76ac816c531c9') in 0.014195 seconds
Number of updated asset objects reloaded before import = 0
Number of asset objects unloaded after import = 2
========================================================================
Received Import Request.
  Time since last request: 0.003223 seconds.
  path: Assets/Shared assets/ThirdParties/Kenney_gameIcons/Black/1x/smaller.png
  artifactKey: Guid(71c9091322f4985469532d47b47b8058) Importer(815301076,1909f56bfc062723c751e8b465ee728b)
Start importing Assets/Shared assets/ThirdParties/Kenney_gameIcons/Black/1x/smaller.png using Guid(71c9091322f4985469532d47b47b8058) Importer(815301076,1909f56bfc062723c751e8b465ee728b)  -> (artifact id: 'c39d1bf36cedd272f50222781f6c68d8') in 0.015661 seconds
Number of updated asset objects reloaded before import = 0
Number of asset objects unloaded after import = 2
========================================================================
Received Import Request.
  Time since last request: 0.000134 seconds.
  path: Assets/Shared assets/ThirdParties/Kenney_gameIcons/Black/1x/stop.png
  artifactKey: Guid(f96b370bb565e874e8011dc300e3af34) Importer(815301076,1909f56bfc062723c751e8b465ee728b)
Start importing Assets/Shared assets/ThirdParties/Kenney_gameIcons/Black/1x/stop.png using Guid(f96b370bb565e874e8011dc300e3af34) Importer(815301076,1909f56bfc062723c751e8b465ee728b)  -> (artifact id: '86541422489bc18931c832e589462be4') in 0.014114 seconds
Number of updated asset objects reloaded before import = 0
Number of asset objects unloaded after import = 2
========================================================================
Received Import Request.
  Time since last request: 0.006541 seconds.
  path: Assets/Shared assets/ThirdParties/Kenney_gameIcons/Black/1x/tablet.png
  artifactKey: Guid(3bc74eaf762c216469531fae12cb750a) Importer(815301076,1909f56bfc062723c751e8b465ee728b)
Start importing Assets/Shared assets/ThirdParties/Kenney_gameIcons/Black/1x/tablet.png using Guid(3bc74eaf762c216469531fae12cb750a) Importer(815301076,1909f56bfc062723c751e8b465ee728b)  -> (artifact id: '7a609ead130e06d8535c7bf7d647906d') in 0.015246 seconds
Number of updated asset objects reloaded before import = 0
Number of asset objects unloaded after import = 2
========================================================================
Received Import Request.
  Time since last request: 0.000999 seconds.
  path: Assets/Shared assets/ThirdParties/Kenney_gameIcons/Black/1x/trashcan.png
  artifactKey: Guid(7c2bcffc34875b149a449f2942840c1a) Importer(815301076,1909f56bfc062723c751e8b465ee728b)
Start importing Assets/Shared assets/ThirdParties/Kenney_gameIcons/Black/1x/trashcan.png using Guid(7c2bcffc34875b149a449f2942840c1a) Importer(815301076,1909f56bfc062723c751e8b465ee728b)  -> (artifact id: 'b63ff32652a21fd34a8189f272bb11d7') in 0.012687 seconds
Number of updated asset objects reloaded before import = 0
Number of asset objects unloaded after import = 2
========================================================================
Received Import Request.
  Time since last request: 0.001749 seconds.
  path: Assets/Shared assets/ThirdParties/Kenney_gameIcons/Black/1x/trophy.png
  artifactKey: Guid(006399e25be46e6459055782969d73d6) Importer(815301076,1909f56bfc062723c751e8b465ee728b)
Start importing Assets/Shared assets/ThirdParties/Kenney_gameIcons/Black/1x/trophy.png using Guid(006399e25be46e6459055782969d73d6) Importer(815301076,1909f56bfc062723c751e8b465ee728b)  -> (artifact id: 'faf627b3b5775291a48ee88e3acc92ed') in 0.015450 seconds
Number of updated asset objects reloaded before import = 0
Number of asset objects unloaded after import = 2
========================================================================
Received Import Request.
  Time since last request: 0.008594 seconds.
  path: Assets/Shared assets/ThirdParties/Kenney_gameIcons/Black/1x/upLeft.png
  artifactKey: Guid(4fb42edf37bb78f42b5227c804b525dd) Importer(815301076,1909f56bfc062723c751e8b465ee728b)
Start importing Assets/Shared assets/ThirdParties/Kenney_gameIcons/Black/1x/upLeft.png using Guid(4fb42edf37bb78f42b5227c804b525dd) Importer(815301076,1909f56bfc062723c751e8b465ee728b)  -> (artifact id: '9814c6a18ac92906d11ff1c3944ca102') in 0.013971 seconds
Number of updated asset objects reloaded before import = 0
Number of asset objects unloaded after import = 2
========================================================================
Received Import Request.
  Time since last request: 0.000358 seconds.
  path: Assets/Shared assets/ThirdParties/Kenney_gameIcons/Black/1x/video.png
  artifactKey: Guid(9d941d59e8a31fe4d93cdb60ac7cdd15) Importer(815301076,1909f56bfc062723c751e8b465ee728b)
Start importing Assets/Shared assets/ThirdParties/Kenney_gameIcons/Black/1x/video.png using Guid(9d941d59e8a31fe4d93cdb60ac7cdd15) Importer(815301076,1909f56bfc062723c751e8b465ee728b)  -> (artifact id: '66bb9df8adb7b1a3b5d3f8b8cdd29162') in 0.013536 seconds
Number of updated asset objects reloaded before import = 0
Number of asset objects unloaded after import = 2
========================================================================
Received Import Request.
  Time since last request: 18.417679 seconds.
  path: Assets/Shared assets/ThirdParties/Kenney_gameIcons/Black/1x/wrench.png
  artifactKey: Guid(8676ab24a81dff9448d2af409e70d8c1) Importer(815301076,1909f56bfc062723c751e8b465ee728b)
Start importing Assets/Shared assets/ThirdParties/Kenney_gameIcons/Black/1x/wrench.png using Guid(8676ab24a81dff9448d2af409e70d8c1) Importer(815301076,1909f56bfc062723c751e8b465ee728b)  -> (artifact id: '5f2dd369516b288a6368ad8782b28e65') in 0.029059 seconds
Number of updated asset objects reloaded before import = 0
Number of asset objects unloaded after import = 2
========================================================================
Received Import Request.
  Time since last request: 0.006638 seconds.
  path: Assets/Shared assets/ThirdParties/Kenney_gameIcons/Black/1x/zoomDefault.png
  artifactKey: Guid(b6d166e1dc128534b9e9953eb5e325d5) Importer(815301076,1909f56bfc062723c751e8b465ee728b)
Start importing Assets/Shared assets/ThirdParties/Kenney_gameIcons/Black/1x/zoomDefault.png using Guid(b6d166e1dc128534b9e9953eb5e325d5) Importer(815301076,1909f56bfc062723c751e8b465ee728b)  -> (artifact id: 'aa0c93c48573f92e0fd72d9b151a100e') in 0.016788 seconds
Number of updated asset objects reloaded before import = 0
Number of asset objects unloaded after import = 2
========================================================================
Received Import Request.
  Time since last request: 0.001174 seconds.
  path: Assets/Shared assets/ThirdParties/Kenney_gameIcons/Black/1x/zoomOut.png
  artifactKey: Guid(28241d765d69c5743930a45c759cbe8c) Importer(815301076,1909f56bfc062723c751e8b465ee728b)
Start importing Assets/Shared assets/ThirdParties/Kenney_gameIcons/Black/1x/zoomOut.png using Guid(28241d765d69c5743930a45c759cbe8c) Importer(815301076,1909f56bfc062723c751e8b465ee728b)  -> (artifact id: '77a9491e4fc4cc877382cae85c6a0867') in 0.012420 seconds
Number of updated asset objects reloaded before import = 0
Number of asset objects unloaded after import = 2
========================================================================
Received Import Request.
  Time since last request: 86.207308 seconds.
  path: Assets/Shared assets/ThirdParties/Kenney_gameIcons/Black/2x/fastForward.png
  artifactKey: Guid(4604e74d899f15441978ca53b3e702f7) Importer(815301076,1909f56bfc062723c751e8b465ee728b)
Start importing Assets/Shared assets/ThirdParties/Kenney_gameIcons/Black/2x/fastForward.png using Guid(4604e74d899f15441978ca53b3e702f7) Importer(815301076,1909f56bfc062723c751e8b465ee728b)  -> (artifact id: 'b612c4d97665d2388c7a233c8973f1ec') in 0.013977 seconds
Number of updated asset objects reloaded before import = 0
Number of asset objects unloaded after import = 2
========================================================================
Received Import Request.
  Time since last request: 0.001608 seconds.
  path: Assets/Shared assets/ThirdParties/Kenney_gameIcons/White/2x/fastForward.png
  artifactKey: Guid(91428dbf21d70be40ba2c519243fd793) Importer(815301076,1909f56bfc062723c751e8b465ee728b)
Start importing Assets/Shared assets/ThirdParties/Kenney_gameIcons/White/2x/fastForward.png using Guid(91428dbf21d70be40ba2c519243fd793) Importer(815301076,1909f56bfc062723c751e8b465ee728b)  -> (artifact id: '40244baa590ca71fb87919fcab4eae89') in 0.012065 seconds
Number of updated asset objects reloaded before import = 0
Number of asset objects unloaded after import = 2
========================================================================
Received Import Request.
  Time since last request: 0.002992 seconds.
  path: Assets/Shared assets/ThirdParties/Kenney_gameIcons/Black/2x/information.png
  artifactKey: Guid(bc1cd9e2d563b234183f980b4caedafd) Importer(815301076,1909f56bfc062723c751e8b465ee728b)
Start importing Assets/Shared assets/ThirdParties/Kenney_gameIcons/Black/2x/information.png using Guid(bc1cd9e2d563b234183f980b4caedafd) Importer(815301076,1909f56bfc062723c751e8b465ee728b)  -> (artifact id: '556a660bee1a958c50dd8a786fbc1c16') in 0.013350 seconds
Number of updated asset objects reloaded before import = 0
Number of asset objects unloaded after import = 2
========================================================================
Received Import Request.
  Time since last request: 0.001240 seconds.
  path: Assets/Shared assets/ThirdParties/Kenney_gameIcons/White/2x/information.png
  artifactKey: Guid(c05653104097375499fdac418f83e9ce) Importer(815301076,1909f56bfc062723c751e8b465ee728b)
Start importing Assets/Shared assets/ThirdParties/Kenney_gameIcons/White/2x/information.png using Guid(c05653104097375499fdac418f83e9ce) Importer(815301076,1909f56bfc062723c751e8b465ee728b)  -> (artifact id: '1b6730a633e910d635b66efeba2eecc4') in 0.015691 seconds
Number of updated asset objects reloaded before import = 0
Number of asset objects unloaded after import = 2
========================================================================
Received Import Request.
  Time since last request: 22.238787 seconds.
  path: Assets/Shared assets/ThirdParties/Kenney_gameIcons/Black/1x/forward.png
  artifactKey: Guid(c35f999b46b872841af5a974af771f6e) Importer(815301076,1909f56bfc062723c751e8b465ee728b)
Start importing Assets/Shared assets/ThirdParties/Kenney_gameIcons/Black/1x/forward.png using Guid(c35f999b46b872841af5a974af771f6e) Importer(815301076,1909f56bfc062723c751e8b465ee728b)  -> (artifact id: '8ea48831ff494a51b57e4a8a5a15d24e') in 0.029320 seconds
Number of updated asset objects reloaded before import = 0
Number of asset objects unloaded after import = 3
========================================================================
Received Import Request.
  Time since last request: 34.045815 seconds.
  path: Assets/Shared assets/ThirdParties/Kenney_gameIcons/White/1x/arrowRight.png
  artifactKey: Guid(a5efc88f631c243428277b5ecadaf76e) Importer(815301076,1909f56bfc062723c751e8b465ee728b)
Start importing Assets/Shared assets/ThirdParties/Kenney_gameIcons/White/1x/arrowRight.png using Guid(a5efc88f631c243428277b5ecadaf76e) Importer(815301076,1909f56bfc062723c751e8b465ee728b)  -> (artifact id: '2588cd7f4d28642b4fb94b5ca26e954c') in 0.020321 seconds
Number of updated asset objects reloaded before import = 0
Number of asset objects unloaded after import = 2
========================================================================
Received Import Request.
  Time since last request: 0.001742 seconds.
  path: Assets/Shared assets/ThirdParties/Kenney_gameIcons/White/2x/arrowRight.png
  artifactKey: Guid(57765f1204a842a49a2bf807771adca3) Importer(815301076,1909f56bfc062723c751e8b465ee728b)
Start importing Assets/Shared assets/ThirdParties/Kenney_gameIcons/White/2x/arrowRight.png using Guid(57765f1204a842a49a2bf807771adca3) Importer(815301076,1909f56bfc062723c751e8b465ee728b)  -> (artifact id: '8b91fe9f2016286282dc16f7c981f582') in 0.011716 seconds
Number of updated asset objects reloaded before import = 0
Number of asset objects unloaded after import = 2
========================================================================
Received Import Request.
  Time since last request: 0.000782 seconds.
  path: Assets/Shared assets/ThirdParties/Kenney_gameIcons/White/1x/barsHorizontal.png
  artifactKey: Guid(e524c539742395146a4e8fb870d380af) Importer(815301076,1909f56bfc062723c751e8b465ee728b)
Start importing Assets/Shared assets/ThirdParties/Kenney_gameIcons/White/1x/barsHorizontal.png using Guid(e524c539742395146a4e8fb870d380af) Importer(815301076,1909f56bfc062723c751e8b465ee728b)  -> (artifact id: '6dd7fd07c60a41d425c45ae857c71dd9') in 0.010596 seconds
Number of updated asset objects reloaded before import = 0
Number of asset objects unloaded after import = 2
========================================================================
Received Import Request.
  Time since last request: 0.005525 seconds.
  path: Assets/Shared assets/ThirdParties/Kenney_gameIcons/Black/2x/barsHorizontal.png
  artifactKey: Guid(25542b22649dbc54a88dc78b0f7dd3ca) Importer(815301076,1909f56bfc062723c751e8b465ee728b)
Start importing Assets/Shared assets/ThirdParties/Kenney_gameIcons/Black/2x/barsHorizontal.png using Guid(25542b22649dbc54a88dc78b0f7dd3ca) Importer(815301076,1909f56bfc062723c751e8b465ee728b)  -> (artifact id: 'cac598d6b992b0d77030626c516ae7df') in 0.013986 seconds
Number of updated asset objects reloaded before import = 0
Number of asset objects unloaded after import = 2
========================================================================
Received Import Request.
  Time since last request: 0.000502 seconds.
  path: Assets/Shared assets/ThirdParties/Kenney_gameIcons/White/1x/checkmark.png
  artifactKey: Guid(e010879bec7a12448a6b1e87179ab80b) Importer(815301076,1909f56bfc062723c751e8b465ee728b)
Start importing Assets/Shared assets/ThirdParties/Kenney_gameIcons/White/1x/checkmark.png using Guid(e010879bec7a12448a6b1e87179ab80b) Importer(815301076,1909f56bfc062723c751e8b465ee728b)  -> (artifact id: 'd215d715b5e05c9d160ca5251eebb0a6') in 0.012757 seconds
Number of updated asset objects reloaded before import = 0
Number of asset objects unloaded after import = 2
========================================================================
Received Import Request.
  Time since last request: 0.005831 seconds.
  path: Assets/Shared assets/ThirdParties/Kenney_gameIcons/Black/2x/downRight.png
  artifactKey: Guid(a74f21420e965f74db732ac73d9ec480) Importer(815301076,1909f56bfc062723c751e8b465ee728b)
Start importing Assets/Shared assets/ThirdParties/Kenney_gameIcons/Black/2x/downRight.png using Guid(a74f21420e965f74db732ac73d9ec480) Importer(815301076,1909f56bfc062723c751e8b465ee728b)  -> (artifact id: '0f6c9f160447898c5563d91fbd637661') in 0.013288 seconds
Number of updated asset objects reloaded before import = 0
Number of asset objects unloaded after import = 2
========================================================================
Received Import Request.
  Time since last request: 0.001450 seconds.
  path: Assets/Shared assets/ThirdParties/Kenney_gameIcons/White/1x/downRight.png
  artifactKey: Guid(6e836056560514343897ae885ff8caf0) Importer(815301076,1909f56bfc062723c751e8b465ee728b)
Start importing Assets/Shared assets/ThirdParties/Kenney_gameIcons/White/1x/downRight.png using Guid(6e836056560514343897ae885ff8caf0) Importer(815301076,1909f56bfc062723c751e8b465ee728b)  -> (artifact id: '05ce6ff3b176891c4eb2599a39300890') in 0.010843 seconds
Number of updated asset objects reloaded before import = 0
Number of asset objects unloaded after import = 2
========================================================================
Received Import Request.
  Time since last request: 0.000644 seconds.
  path: Assets/Shared assets/ThirdParties/Kenney_gameIcons/White/1x/exitRight.png
  artifactKey: Guid(64df82e9be40fa34c96100afbbb0e6fa) Importer(815301076,1909f56bfc062723c751e8b465ee728b)
Start importing Assets/Shared assets/ThirdParties/Kenney_gameIcons/White/1x/exitRight.png using Guid(64df82e9be40fa34c96100afbbb0e6fa) Importer(815301076,1909f56bfc062723c751e8b465ee728b)  -> (artifact id: 'bfdc9ac50c1bfb8ea5abfd45573aeb94') in 0.012100 seconds
Number of updated asset objects reloaded before import = 0
Number of asset objects unloaded after import = 2
========================================================================
Received Import Request.
  Time since last request: 0.031644 seconds.
  path: Assets/Shared assets/ThirdParties/Kenney_gameIcons/White/2x/home.png
  artifactKey: Guid(632582044f1faf24f8ae18b535d40cf0) Importer(815301076,1909f56bfc062723c751e8b465ee728b)
Start importing Assets/Shared assets/ThirdParties/Kenney_gameIcons/White/2x/home.png using Guid(632582044f1faf24f8ae18b535d40cf0) Importer(815301076,1909f56bfc062723c751e8b465ee728b)  -> (artifact id: '4b824fdfd60c397c586e85deccb91df1') in 0.013835 seconds
Number of updated asset objects reloaded before import = 0
Number of asset objects unloaded after import = 2
========================================================================
Received Import Request.
  Time since last request: 0.259318 seconds.
  path: Assets/Shared assets/ThirdParties/Kenney_gameIcons/Black/2x/home.png
  artifactKey: Guid(52f5879ed642a014c9743d27b2879504) Importer(815301076,1909f56bfc062723c751e8b465ee728b)
Start importing Assets/Shared assets/ThirdParties/Kenney_gameIcons/Black/2x/home.png using Guid(52f5879ed642a014c9743d27b2879504) Importer(815301076,1909f56bfc062723c751e8b465ee728b)  -> (artifact id: 'dbcd2db80bc95e614ed0b30281e24f9c') in 0.014226 seconds
Number of updated asset objects reloaded before import = 0
Number of asset objects unloaded after import = 2
========================================================================
Received Import Request.
  Time since last request: 0.042803 seconds.
  path: Assets/Shared assets/ThirdParties/Kenney_gameIcons/White/2x/phone.png
  artifactKey: Guid(547bde02bf055674c8a80882b9efded0) Importer(815301076,1909f56bfc062723c751e8b465ee728b)
Start importing Assets/Shared assets/ThirdParties/Kenney_gameIcons/White/2x/phone.png using Guid(547bde02bf055674c8a80882b9efded0) Importer(815301076,1909f56bfc062723c751e8b465ee728b)  -> (artifact id: 'ae5b05449604650e5896e032979ea143') in 0.011725 seconds
Number of updated asset objects reloaded before import = 0
Number of asset objects unloaded after import = 2
========================================================================
Received Import Request.
  Time since last request: 0.002669 seconds.
  path: Assets/Shared assets/ThirdParties/Kenney_gameIcons/White/1x/phone.png
  artifactKey: Guid(a7810bcca0a2f834493568e74093ed78) Importer(815301076,1909f56bfc062723c751e8b465ee728b)
Start importing Assets/Shared assets/ThirdParties/Kenney_gameIcons/White/1x/phone.png using Guid(a7810bcca0a2f834493568e74093ed78) Importer(815301076,1909f56bfc062723c751e8b465ee728b)  -> (artifact id: '6740743ea8449f753a5c9bf5a0e21672') in 0.012551 seconds
Number of updated asset objects reloaded before import = 0
Number of asset objects unloaded after import = 2
========================================================================
Received Import Request.
  Time since last request: 0.001388 seconds.
  path: Assets/Shared assets/ThirdParties/Kenney_gameIcons/Black/2x/scrollHorizontal.png
  artifactKey: Guid(14f738112c5ffc747bdbd9b66555e4ec) Importer(815301076,1909f56bfc062723c751e8b465ee728b)
Start importing Assets/Shared assets/ThirdParties/Kenney_gameIcons/Black/2x/scrollHorizontal.png using Guid(14f738112c5ffc747bdbd9b66555e4ec) Importer(815301076,1909f56bfc062723c751e8b465ee728b)  -> (artifact id: '9e7ce211b9992847d59a7d453f62da9d') in 0.012872 seconds
Number of updated asset objects reloaded before import = 0
Number of asset objects unloaded after import = 2
========================================================================
Received Import Request.
  Time since last request: 0.000015 seconds.
  path: Assets/Shared assets/ThirdParties/Kenney_gameIcons/Black/2x/shoppingBasket.png
  artifactKey: Guid(35ec1040fb22ebe4295754625af896a9) Importer(815301076,1909f56bfc062723c751e8b465ee728b)
Start importing Assets/Shared assets/ThirdParties/Kenney_gameIcons/Black/2x/shoppingBasket.png using Guid(35ec1040fb22ebe4295754625af896a9) Importer(815301076,1909f56bfc062723c751e8b465ee728b)  -> (artifact id: 'bf742372b1b51393460c4123e651972e') in 0.013820 seconds
Number of updated asset objects reloaded before import = 0
Number of asset objects unloaded after import = 2
========================================================================
Received Import Request.
  Time since last request: 0.001452 seconds.
  path: Assets/Shared assets/ThirdParties/Kenney_gameIcons/Black/2x/shoppingCart.png
  artifactKey: Guid(dd3b7ef18a340e44bbfe4fc18a2751e6) Importer(815301076,1909f56bfc062723c751e8b465ee728b)
Start importing Assets/Shared assets/ThirdParties/Kenney_gameIcons/Black/2x/shoppingCart.png using Guid(dd3b7ef18a340e44bbfe4fc18a2751e6) Importer(815301076,1909f56bfc062723c751e8b465ee728b)  -> (artifact id: '807817c28c305f63295bab8d2e82dc82') in 0.016134 seconds
Number of updated asset objects reloaded before import = 0
Number of asset objects unloaded after import = 2
========================================================================
Received Import Request.
  Time since last request: 8.273080 seconds.
  path: Assets/Shared assets/ThirdParties/Kenney_gameIcons/Black/2x/home.png
  artifactKey: Guid(52f5879ed642a014c9743d27b2879504) Importer(815301076,1909f56bfc062723c751e8b465ee728b)
Start importing Assets/Shared assets/ThirdParties/Kenney_gameIcons/Black/2x/home.png using Guid(52f5879ed642a014c9743d27b2879504) Importer(815301076,1909f56bfc062723c751e8b465ee728b)  -> (artifact id: '2b0697fa4d36828314155a0288b63884') in 0.013880 seconds
Number of updated asset objects reloaded before import = 0
Number of asset objects unloaded after import = 3
========================================================================
Received Prepare
Begin MonoManager ReloadAssembly
- Loaded All Assemblies, in  0.531 seconds
Refreshing native plugins compatible for Editor in 4.54 ms, found 3 plugins.
Native extension for WindowsStandalone target not found
Native extension for Android target not found
Native extension for WebGL target not found
[Package Manager] Server::EnsureServerProcessIsRunning -- launch failed, reason: Unity was launched with the -noUpm command-line argument
[Package Manager] UpmClient::Send -- Unable to send message (not connected to UPM process).
[Package Manager] Cannot connect to Unity Package Manager local server
Mono: successfully reloaded assembly
- Finished resetting the current domain, in  0.952 seconds
Domain Reload Profiling: 1480ms
	BeginReloadAssembly (169ms)
		ExecutionOrderSort (0ms)
		DisableScriptedObjects (6ms)
		BackupInstance (0ms)
		ReleaseScriptingObjects (0ms)
		CreateAndSetChildDomain (39ms)
	RebuildCommonClasses (39ms)
	RebuildNativeTypeToScriptingClass (12ms)
	initialDomainReloadingComplete (32ms)
	LoadAllAssembliesAndSetupDomain (276ms)
		LoadAssemblies (349ms)
		RebuildTransferFunctionScriptingTraits (0ms)
		AnalyzeDomain (15ms)
			TypeCache.Refresh (7ms)
				TypeCache.ScanAssembly (0ms)
			ScanForSourceGeneratedMonoScriptInfo (0ms)
			ResolveRequiredComponents (6ms)
	FinalizeReload (953ms)
		ReleaseScriptCaches (0ms)
		RebuildScriptCaches (0ms)
		SetupLoadedEditorAssemblies (428ms)
			LogAssemblyErrors (0ms)
			InitializePlatformSupportModulesInManaged (29ms)
			SetLoadedEditorAssemblies (4ms)
			RefreshPlugins (0ms)
			BeforeProcessingInitializeOnLoad (68ms)
			ProcessInitializeOnLoadAttributes (297ms)
			ProcessInitializeOnLoadMethodAttributes (21ms)
			AfterProcessingInitializeOnLoad (8ms)
			EditorAssembliesLoaded (0ms)
		ExecutionOrderSort2 (0ms)
		AwakeInstancesAfterBackupRestoration (7ms)
Refreshing native plugins compatible for Editor in 3.49 ms, found 3 plugins.
Preloading 0 native plugins for Editor in 0.00 ms.
Unloading 3123 Unused Serialized files (Serialized files now loaded: 0)
Unloading 24 unused Assets / (31.6 KB). Loaded Objects now: 3620.
Memory consumption went from 126.9 MB to 126.9 MB.
Total: 2.586100 ms (FindLiveObjects: 0.223800 ms CreateObjectMapping: 0.128800 ms MarkObjects: 2.186700 ms  DeleteObjects: 0.045800 ms)

Prepare: number of updated asset objects reloaded= 0
AssetImportParameters requested are different than current active one (requested -> active):
  custom:container-demuxer-ogg: 62fdf1f143b41e24485cea50d1cbac27 -> 
  custom:video-decoder-ogg-theora: a1e56fd34408186e4bbccfd4996cb3dc -> 
  custom:framework-win-MediaFoundation: 216162199b28c13a410421893ffa2e32 -> 
  custom:CustomObjectIndexerAttribute: 9a22284fe3817be447336de3de66b15e -> 
  custom:container-demuxer-webm: 4f35f7cbe854078d1ac9338744f61a02 -> 
  custom:container-muxer-webm: aa71ff27fc2769a1b78a27578f13a17b -> 
  custom:video-decoder-webm-vp8: 9c59270c3fd7afecdb556c50c9e8de78 -> 
  custom:SearchIndexIgnoredProperties: e643bd26f0fe6173181afceb89e7c659 -> 
  custom:AudioImporter_EditorPlatform: d09bf68614088b80899f8185d706f6e7 -> 
  custom:video-encoder-webm-vp8: eb34c28f22e8b96e1ab97ce403110664 -> 
  custom:audio-decoder-ogg-vorbis: bf7c407c2cedff20999df2af8eb42d56 -> 
  custom:audio-encoder-webm-vorbis: bf7c407c2cedff20999df2af8eb42d56 -> 
========================================================================
Received Import Request.
  Time since last request: 103.253731 seconds.
  path: Assets/Shared assets/ThirdParties/Kenney_gameIcons/Black/2x/home.png
  artifactKey: Guid(52f5879ed642a014c9743d27b2879504) Importer(815301076,1909f56bfc062723c751e8b465ee728b)
Start importing Assets/Shared assets/ThirdParties/Kenney_gameIcons/Black/2x/home.png using Guid(52f5879ed642a014c9743d27b2879504) Importer(815301076,1909f56bfc062723c751e8b465ee728b)  -> (artifact id: '8b2ada20ddf19c3b55f49f45f5aabf09') in 0.034129 seconds
Number of updated asset objects reloaded before import = 0
Number of asset objects unloaded after import = 2
========================================================================
Received Prepare
Refreshing native plugins compatible for Editor in 4.39 ms, found 3 plugins.
Preloading 0 native plugins for Editor in 0.00 ms.
Unloading 0 Unused Serialized files (Serialized files now loaded: 0)
Unloading 1 unused Assets / (0.9 KB). Loaded Objects now: 3620.
Memory consumption went from 78.2 MB to 78.2 MB.
Total: 3.618600 ms (FindLiveObjects: 0.273300 ms CreateObjectMapping: 0.144500 ms MarkObjects: 3.181800 ms  DeleteObjects: 0.018100 ms)

Prepare: number of updated asset objects reloaded= 0
AssetImportParameters requested are different than current active one (requested -> active):
  custom:container-demuxer-ogg: 62fdf1f143b41e24485cea50d1cbac27 -> 
  custom:video-decoder-ogg-theora: a1e56fd34408186e4bbccfd4996cb3dc -> 
  custom:framework-win-MediaFoundation: 216162199b28c13a410421893ffa2e32 -> 
  custom:CustomObjectIndexerAttribute: 9a22284fe3817be447336de3de66b15e -> 
  custom:container-demuxer-webm: 4f35f7cbe854078d1ac9338744f61a02 -> 
  custom:container-muxer-webm: aa71ff27fc2769a1b78a27578f13a17b -> 
  custom:video-decoder-webm-vp8: 9c59270c3fd7afecdb556c50c9e8de78 -> 
  custom:SearchIndexIgnoredProperties: e643bd26f0fe6173181afceb89e7c659 -> 
  custom:AudioImporter_EditorPlatform: d09bf68614088b80899f8185d706f6e7 -> 
  custom:video-encoder-webm-vp8: eb34c28f22e8b96e1ab97ce403110664 -> 
  custom:audio-decoder-ogg-vorbis: bf7c407c2cedff20999df2af8eb42d56 -> 
  custom:audio-encoder-webm-vorbis: bf7c407c2cedff20999df2af8eb42d56 -> 
